// Jest Snapshot v1, https://goo.gl/fbAQLP

exports[`<App /> should display correctly 1`] = `
<Layout>
  <TempContent>
    here is the content
  </TempContent>
</Layout>
`;
