// Jest Snapshot v1, https://goo.gl/fbAQLP

exports[`<App /> should create instance 1`] = `
<h1>
  hi there!
</h1>
`;
